Hell0
H_3ll_oOo
!!! UNKNOWN TOKEN !!!
_a4
!!! UNKNOWN TOKEN !!!
