2147483647
2147483647
128469
3259
!!! UNKNOWN TOKEN !!!
